[thinkup.framer.website/index.html]
[backblue.gif]
[fade.gif]
[index.html]
[framerusercontent.com/images/8gmJBFaoN0FvA88qL0oFIUtelm8.png]
[framerusercontent.com/images/nHeKIkLMEaoDPbZgv8c026RtlU.png]
[framerusercontent.com/images/G6l86aD5ShYsrxGhmZhx8HBmY17f5.png]
[framerusercontent.com/images/qlfCBpz1xt073qAovRs08xrtHho39be.png]
[framerusercontent.com/images/yf0RddXAtyNmyFMyMPfOG5QlY.png]
[framerusercontent.com/images/13FKbouxW7ajNeYwW3Cnr7Qce3Y.png]
[framerusercontent.com/images/uddc89PcErE8GztyrIlXkUiTMbf23.jpg]
[framerusercontent.com/images/46KpQXZrRGtWAlcakEiHTsYcJcbf23.jpg]
[framerusercontent.com/images/BK6cz5lHT6MNSFnq59yLW6ZpHOg.jpg]
[framerusercontent.com/images/7mUKTzGvcWDEIAPj2T23dshKc0k.png]
[framerusercontent.com/images/covWmW7b12d3VXvacYrA4ellvTc.jpg]
[framerusercontent.com/images/hus0VOWcz3fvOsBrKFUEkCnE4Y.jpg]
[framerusercontent.com/images/CGX4rEtK40sIdmPW8IqZk9f9Oyo.jpg]
[framerusercontent.com/images/Q7r9GJG7uT0hFPPVwsN2Awfk3c.jpg]
[framerusercontent.com/images/1NldYJkzG9j1pDa9MrBpGRPLvw.jpg]
[framerusercontent.com/images/Z4pVvAaMEkD95DBfQ7doMe05g.jpg]
[thinkup.framer.website/index.html]
